// Jest Snapshot v1, https://goo.gl/fbAQLP

exports[`Starting the quiz toggle button 1`] = `
<div>
  <div>
    <h2>
      Quiz has ended!
    </h2>
    <p>
      You've reached 
      0
      %
    </p>
    <br />
    <button>
      Create new quiz
    </button>
    <button>
      Try this one again
    </button>
  </div>
</div>
`;
